15 objects imported automatically (use -v 2 for details).

Users count: 4
['hr_admin', 'hr_manager', 'hr_manager_user', 'admin']
